---
source: code-blocks/tests/tsx/main.rs
expression: snapshot
---

    export default function App() {
        return (
            <>
              !!! stuff in here is also part of the syntax tree !!!
              <button>
          {/* ^dst */}
                Write file
              </button><button>
          {/* ^src */}
                Choose file
              </button>!!! stuff in here is also part of the syntax tree !!!
            </>
          );
    }


New src start: 316
New dst start: 151
