---
source: code-blocks/tests/rust/main.rs
expression: snapshot
---
input:

mod m {
    fn foo() {
 /* ^src */
        fn in_foo() {
            bar();
        }
    }

    fn bar() {}
 /* ^dst */
}

fn baz() {}

---
output:

mod m {
    fn bar() {}
    ^ Dest

    fn foo() {
    ^ Source
 /* ^src */
        fn in_foo() {
            bar();
        }
    }
 /* ^dst */
}

fn baz() {}
