---
source: code-blocks/tests/rust/main.rs
expression: "code_blocks::move_block(src_block, dst_item,\n        r#\"\n    #[test]\n    fn foo() {}\n/*  ^src */\n\n    fn bar() {}\n/*  ^dst */\n\"#,\n        Some(check_fn), false).unwrap()"
---

    /*  ^src */

    fn bar() {}

    #[test]
    fn foo() {}
/*  ^dst */

