---
source: code-blocks/tests/rust/main.rs
expression: snapshot
---
input:

    mod m1 { // src
        fn foo() {}
    }

    mod m2 {
        fn bar() {}
    }

    mod m3 { // dst
        fn baz() {}
    }

---
output:

    mod m2 {
        fn bar() {}
    }

    mod m3 { // dst
    ^ Dest
        fn baz() {}
    }

    mod m1 { // src
    ^ Source
        fn foo() {}
    }
