---
source: tests/rust/main.rs
expression: "code_blocks::move_block(src_item, dst_item,\n        r#\"\n    fn foo() {\n /* ^src */\n        fn in_foo() {\n            bar();\n        }\n    }\n\n    fn bar() {}\n /* ^dst */\n\"#).unwrap()"
---

    fn bar() {}

    fn foo() {
 /* ^src */
        fn in_foo() {
            bar();
        }
    }
 /* ^dst */

