---
source: code-blocks/tests/rust/main.rs
expression: snapshot
---
input:

    fn foo() { // src
        fn in_foo() {
            bar();
        }
    }

    fn bar() {} // dst

---
output:

    fn bar() {}
    ^ Dest

    fn foo() { // src
    ^ Source
        fn in_foo() {
            bar();
        }
    } // dst
