---
source: code-blocks-server/tests/test_api.rs
expression: snapshot
---

    class TsClass2 {
/*  ^dst */
        constructor() {}

        foo() {}
    }

    /**
    * class docs
    */
    class TsClass {
/*  ^src */
        constructor() {}

        foo() {}

        bar() {}

        baz() {}
    }
    

New src start: 238
New dst start: 5
