---
source: code-blocks-server/tests/test_api.rs
expression: snapshot
---

        @decor1
        @decor2
        class A:
            ...
           
        class C:
            """class docstring"""
        
            #Vsrc
            #Vdst
            @staticmethod()
            def foo():
                """method docstring"""
                
            def __init__(self):
                pass
                
            def bar():
                ...
                
        def func():
            ...


New src start: 355
New dst start: 186
