---
source: code-blocks-server/tests/test_api.rs
expression: snapshot
---
input:

class TsClass {
    constructor() {}

    /**
    * bar docs
    */
    foo() {}
/*  ^src */

    bar() {}
/*  ^dst */

    baz() {}
}

function baz() {}
    
---
output:

class TsClass {
    constructor() {}
/*  ^src */
^ Dest

    bar() {}

    /**
    ^ Source
    * bar docs
    */
    foo() {}
/*  ^dst */

    baz() {}
}

function baz() {}
    
