---
source: code-blocks-server/tests/test_api.rs
expression: snapshot
---
input:

    export default function App() {
      return (
          <div>
      {/* ^dst */}
            <button className="card" onClick={readFile}>
        {/* ^src */}
              Choose file
            </button>
            <button className="card" onClick={() => writeFile(filePath, content)}>
              Write file
            </button>
          </div>
      );
    }
    
---
output:

    export default function App() {
      return (
          <div>
          ^ Dest
      {/* ^dst */}
            
            <button className="card" onClick={() => writeFile(filePath, content)}>
              Write file
            </button>
          </div>
          <button className="card" onClick={readFile}>
          ^ Source
        {/* ^src */}
              Choose file
            </button>
      );
    }
    
