---
source: tests/test_api.rs
expression: "post_request!(move_item_endpoint, MoveItemArgs\n            {\n                item_types : get_query_strings(SupportedLanguage::Rust),\n                content :\n                r#\"\n    mod m {\n/*  ^fail */\n        fn foo() {}\n     /* ^src */\n    }\n\n    fn baz() {}\n\"#.to_string(),\n                language : SupportedLanguage::Rust, src_item :\n                src_item.into(), dst_item : fail_item.into(),\n            }, MoveItemResponse).err().unwrap()"
---
Can't move items to different scopes
