---
source: code-blocks-server/tests/test_api.rs
expression: snapshot
---

    mod m1 {
/*  ^dst */
        fn foo() {}
    }

    #[cfg(test)]
    #[test]
    /// a test module
    #[ignore]
    mod m3 {
/*  ^src */
        fn baz() {}
    }

    mod m2 {
        fn bar() {}
    }


New src start: 57
New dst start: 5
