---
source: code-blocks-server/tests/test_api.rs
expression: "code_blocks_server::move_block(MoveBlockArgs {\n            queries: get_query_strings(&lang),\n            text: r#\"\n    /**\n    * class docs\n    */\n    class TsClass {\n/*  ^src */\n        constructor() {}\n\n        foo() {}\n\n        bar() {}\n\n        baz() {}\n    }\n\n    class TsClass2 {\n/*  ^dst */\n        constructor() {}\n\n        foo() {}\n    }\n    \"#.to_string(),\n            language: lang.get_language(),\n            src_block: src_block.into(),\n            dst_block: dst_block.into(),\n            assert_move_legal_fn: Some(check_fn),\n            force: false,\n        }).unwrap()"
---

    class TsClass2 {
/*  ^dst */
        constructor() {}

        foo() {}
    }

    /**
    * class docs
    */
    class TsClass {
/*  ^src */
        constructor() {}

        foo() {}

        bar() {}

        baz() {}
    }
    
