---
source: code-blocks-server/tests/test_api.rs
expression: snapshot
---
input:

class TsClass {
    constructor() {}

    foo() {}
/*  ^src */

    /**
    * bar docs
    */
    bar() {}
/*  ^dst */
}

function baz() {}
    
---
output:

class TsClass {
    constructor() {}
/*  ^src */
^ Dest

    /**
    * bar docs
    */
    bar() {}

    foo() {}
    ^ Source
/*  ^dst */
}

function baz() {}
    
