---
source: code-blocks-server/tests/test_api.rs
expression: snapshot
---

    export default function App() {
      return (
          <div>
      {/* ^dst */}
            
            <button className="card" onClick={() => writeFile(filePath, content)}>
              Write file
            </button>
          </div>
          <button className="card" onClick={readFile}>
        {/* ^src */}
              Choose file
            </button>
      );
    }
    

New src start:359
