---
source: code-blocks-server/tests/test_api.rs
expression: "code_blocks_server::move_block(MoveBlockArgs {\n            queries: get_query_strings(SupportedLanguage::TypeScript),\n            text: r#\"\n    /**\n    * class docs\n    */\n    class TsClass {\n/*  ^src */\n        constructor() {}\n\n        foo() {}\n\n        bar() {}\n\n        baz() {}\n    }\n\n    function baz() {}\n/*  ^dst */\n    \"#.to_string(),\n            language: SupportedLanguage::TypeScript,\n            src_block: src_block.into(),\n            dst_block: dst_block.into(),\n        }).unwrap()"
---

    function baz() {}

    /**
    * class docs
    */
    class TsClass {
/*  ^src */
        constructor() {}

        foo() {}

        bar() {}

        baz() {}
    }
/*  ^dst */
    
