---
source: code-blocks-server/tests/test_api.rs
expression: "code_blocks_server::move_block(MoveBlockArgs {\n            queries: get_query_strings(&lang),\n            text: r#\"\nclass TsClass {\n    constructor() {}\n\n    /**\n    * bar docs\n    */\n    foo() {}\n/*  ^src */\n\n    bar() {}\n/*  ^dst */\n\n    baz() {}\n}\n\nfunction baz() {}\n    \"#.to_string(),\n            language: lang.get_language(),\n            src_block: src_block.into(),\n            dst_block: dst_block.into(),\n            assert_move_legal_fn: Some(check_fn),\n            force: false,\n        }).unwrap()"
---

class TsClass {
    constructor() {}
/*  ^src */

    bar() {}

    /**
    * bar docs
    */
    foo() {}
/*  ^dst */

    baz() {}
}

function baz() {}
    
