---
source: code-blocks-server/tests/test_api.rs
expression: snapshot
---
input:

    /**
    * class docs
    */
    class TsClass {
/*  ^src */
        constructor() {}

        foo() {}

        bar() {}

        baz() {}
    }

    class TsClass2 {
/*  ^dst */
        constructor() {}

        foo() {}
    }
    
---
output:

    class TsClass2 {
    ^ Dest
/*  ^dst */
        constructor() {}

        foo() {}
    }

    /**
    ^ Source
    * class docs
    */
    class TsClass {
/*  ^src */
        constructor() {}

        foo() {}

        bar() {}

        baz() {}
    }
    
