---
source: code-blocks/tests/python/main.rs
expression: "format!(\"{}\\n\\n{:?}\",\n    r#\"\n        @decor1\n        @decor2\n        class A:\n            ...\n           \n        class C:\n            \"\"\"class docstring\"\"\"\n        \n            def __init__(self):\n                pass\n        \n            #Vsrc\n            @staticmethod()\n            def foo():\n                \"\"\"method docstring\"\"\"\n                \n            def bar():\n                ...\n                \n        #Vfail\n        def func():\n            ...\n\"#,\n    result.err().unwrap())"
---

        @decor1
        @decor2
        class A:
            ...
           
        class C:
            """class docstring"""
        
            def __init__(self):
                pass
        
            #Vsrc
            @staticmethod()
            def foo():
                """method docstring"""
                
            def bar():
                ...
                
        #Vfail
        def func():
            ...


Illegal move operation

Caused by:
    Blocks have different parents
